#-----------------------------------------------------------
# Webtalk v2019.2 (64-bit)
# SW Build 2708876 on Wed Nov  6 21:40:23 MST 2019
# IP Build 2700528 on Thu Nov  7 00:09:20 MST 2019
# Start of session at: Sun Nov 15 12:50:34 2020
# Process ID: 12040
# Current directory: C:/Users/E.D/AppData/Roaming/Xilinx/Vivado/lab_project_5_b/lab_project_5_b.sim/sim_1/behav/xsim
# Command line: wbtcv.exe -mode batch -source C:/Users/E.D/AppData/Roaming/Xilinx/Vivado/lab_project_5_b/lab_project_5_b.sim/sim_1/behav/xsim/xsim.dir/cfg_tb_design_2_wrapper_behav/webtalk/xsim_webtalk.tcl -notrace
# Log file: C:/Users/E.D/AppData/Roaming/Xilinx/Vivado/lab_project_5_b/lab_project_5_b.sim/sim_1/behav/xsim/webtalk.log
# Journal file: C:/Users/E.D/AppData/Roaming/Xilinx/Vivado/lab_project_5_b/lab_project_5_b.sim/sim_1/behav/xsim\webtalk.jou
#-----------------------------------------------------------
source C:/Users/E.D/AppData/Roaming/Xilinx/Vivado/lab_project_5_b/lab_project_5_b.sim/sim_1/behav/xsim/xsim.dir/cfg_tb_design_2_wrapper_behav/webtalk/xsim_webtalk.tcl -notrace
